// Jest Snapshot v1, https://goo.gl/fbAQLP

exports[`should match Snapshot 1`] = `
"<PageWrapper cityId=\\"perth\\" categoryId=\\"overview\\">
  <PageBanner colorName=\\"overview\\" description=\\"Perth\\" indicator=\\"population\\" title=\\"Perth\\" city={{...}} />
  <CategoryOverviews city={{...}} />
</PageWrapper>"
`;
