// Jest Snapshot v1, https://goo.gl/fbAQLP

exports[`should match Snapshot 1`] = `
"<PageWrapper cityId=\\"perth\\" categoryId=\\"overview\\">
  <div className=\\"main\\">
    <h1>
      I am the overview page for &quot;Perth&quot;
    </h1>
    <pre>
      {
        &quot;name&quot;: &quot;Perth&quot;,
        &quot;id&quot;: &quot;perth&quot;
      }
    </pre>
  </div>
</PageWrapper>"
`;
