// Jest Snapshot v1, https://goo.gl/fbAQLP

exports[`should match Snapshot 1`] = `
"<div className=\\"wrapper\\">
  <div className=\\"titleWrapper\\">
    <h4 className=\\"title\\">
      Population
    </h4>
    <AboutTooltip text=\\"Total population\\" color=\\"JOBS_600\\" className=\\"aboutChartIcon\\" />
  </div>
  <div className=\\"descriptionLabel\\">
    Total population
  </div>
  <AbstractWidget config={{...}} />
</div>"
`;
