// Jest Snapshot v1, https://goo.gl/fbAQLP

exports[`should match Snapshot 1`] = `
"<div className=\\"wrapper\\">
  <div className=\\"titleWrapper\\">
    <h4 className=\\"title\\">
      The population
    </h4>
    <AboutTooltip description=\\"TODO\\" position=\\"bottom\\" size={18} />
  </div>
  <div className=\\"descriptionLabel\\">
    TODO
  </div>
  <AbstractWidget config={{...}} />
</div>"
`;
