// Jest Snapshot v1, https://goo.gl/fbAQLP

exports[`should match Snapshot 1`] = `
"<div className=\\"wrapper\\">
  <div className=\\"titleWrapper\\">
    <h4 className=\\"title\\">
      The population indicator name
    </h4>
    <AboutTooltip text=\\"The population indicator long description\\" color=\\"JOBS_600\\" className=\\"aboutChartIcon\\" />
  </div>
  <div className=\\"descriptionLabel\\">
    The population indicator short description
  </div>
  <AbstractWidget config={{...}} />
</div>"
`;
