// Jest Snapshot v1, https://goo.gl/fbAQLP

exports[`should render consistently 1`] = `
<button
  aria-label="open menu"
  className="hamburgerButton"
  onClick={[Function]}
>
  <div
    className="hamburgerButton__hamburger_icon"
  >
    <div
      className="hamburgerButton__hamburger_icon_bar"
    />
    <div
      className="hamburgerButton__hamburger_icon_bar"
    />
    <div
      className="hamburgerButton__hamburger_icon_bar"
    />
  </div>
</button>
`;
