// Jest Snapshot v1, https://goo.gl/fbAQLP

exports[`should match Snapshot 1`] = `
<div
  className="card card__small wrapper wrapper__small"
  style={
    Object {
      "borderBottomColor": "#fff",
    }
  }
>
  <p
    className="header"
  >
    The population growth
  </p>
  <Icon
    className="indicatorTypeMark"
    color="JOBS_900"
    icon="indicatorTypeMarkBorder"
    size={14}
  />
  <div
    className="indicatorWrapper"
  >
    <span
      className="prefix symbol"
    >
      The
    </span>
    <span
      className="number"
    >
      7700
    </span>
    <span
      className="suffix symbol"
    >
      %per annum
    </span>
  </div>
</div>
`;
