// Jest Snapshot v1, https://goo.gl/fbAQLP

exports[`should match Snapshot 1`] = `
<div
  className="card card__small card__primary_color wrapper wrapper__small"
>
  <p
    className="header"
  >
    The population growth
  </p>
  <div
    className="indicatorWrapper"
  >
    <span
      className="prefix symbol"
    >
      The
    </span>
    <span
      className="number"
    >
      7700
    </span>
    <span
      className="suffix symbol"
    >
      %per annum
    </span>
  </div>
</div>
`;
