// Jest Snapshot v1, https://goo.gl/fbAQLP

exports[`should match Snapshot 1`] = `
"<div style={{...}}>
  <div className=\\"container\\">
    <div className=\\"textAndIndicator\\">
      <div className=\\"titleText\\">
        <h1 className=\\"title\\">
          Banner title
        </h1>
        <p className=\\"description\\">
          This is the mock category
        </p>
      </div>
      <IndicatorCard size=\\"large\\" className=\\"card\\" color=\\"JOBS_500\\" colorName=\\"jobs\\" indicator=\\"population\\" value={100} isCategoryPage={[undefined]} />
    </div>
    <div className=\\"indicatorTypeMarkWrapper\\">
      <Icon className=\\"indicatorTypeMark\\" color=\\"JOBS_900\\" icon=\\"indicatorTypeMarkBorder\\" size={22} />
      Performance indicators
    </div>
  </div>
</div>"
`;
