// Jest Snapshot v1, https://goo.gl/fbAQLP

exports[`should match Snapshot 1`] = `
"<PageWrapper categoryId=\\"mock\\" cityId=\\"all-cities\\">
  <div className=\\"main\\">
    <h1>
      I am the &quot;Mock category&quot; page for all cities
    </h1>
    <pre>
      {
        &quot;name&quot;: &quot;Mock category&quot;,
        &quot;colorName&quot;: &quot;jobs&quot;,
        &quot;id&quot;: &quot;mock&quot;
      }
    </pre>
  </div>
</PageWrapper>"
`;
