// Jest Snapshot v1, https://goo.gl/fbAQLP

exports[`should match Snapshot 1`] = `
"<div>
  <CategoryOverview category={{...}} cities={[undefined]} city={{...}} />
  <CategoryOverview category={{...}} cities={[undefined]} city={{...}} />
  <CategoryOverview category={{...}} cities={[undefined]} city={{...}} />
  <CategoryOverview category={{...}} cities={[undefined]} city={{...}} />
  <CategoryOverview category={{...}} cities={[undefined]} city={{...}} />
  <CategoryOverview category={{...}} cities={[undefined]} city={{...}} />
  <CategoryOverview category={{...}} cities={[undefined]} city={{...}} />
  <div className=\\"footerSpacerWrapper\\">
    <div className=\\"footerSpacerContainer\\">
      <div className=\\"footerSpacerLine\\" />
    </div>
  </div>
  <div className=\\"footerSpacerShade\\" />
</div>"
`;
