// Jest Snapshot v1, https://goo.gl/fbAQLP

exports[`should match Snapshot 1`] = `
"<div>
  <NavLink className=\\"link\\" activeClassName=\\"link__active\\" to=\\"/all-cities/mock\\" ariaCurrent=\\"true\\">
    All Cities
  </NavLink>
  <NavLink className=\\"link\\" activeClassName=\\"link__active\\" to=\\"/perth/mock\\" ariaCurrent=\\"true\\">
    Perth
  </NavLink>
  <NavLink className=\\"link\\" activeClassName=\\"link__active\\" to=\\"/sydney/mock\\" ariaCurrent=\\"true\\">
    Sydney
  </NavLink>
</div>"
`;
