// Jest Snapshot v1, https://goo.gl/fbAQLP

exports[`should match Snapshot 1`] = `
"<div className=\\"wrapper\\">
  <div className=\\"categoryNav\\">
    <NavLink className=\\"link\\" activeClassName=\\"link__active\\" to=\\"/mock/overview\\" ariaCurrent=\\"true\\">
      <div className=\\"overview\\">
        Overview
      </div>
    </NavLink>
    <NavLink className=\\"link\\" activeClassName=\\"link__active\\" to=\\"/mock/perth\\" ariaCurrent=\\"true\\">
      <div className=\\"undefined\\">
        Perth
      </div>
    </NavLink>
    <NavLink className=\\"link\\" activeClassName=\\"link__active\\" to=\\"/mock/sydney\\" ariaCurrent=\\"true\\">
      <div className=\\"undefined\\">
        Sydney
      </div>
    </NavLink>
  </div>
</div>"
`;
