// Jest Snapshot v1, https://goo.gl/fbAQLP

exports[`should match Snapshot 1`] = `
"<div style={{...}} className=\\"wrapper\\">
  <div className=\\"container\\">
    <div className=\\"textWrapper\\">
      <Icon className=\\"iconWrapper\\" icon=\\"infrastructureGettingToWork\\" color=\\"JOBS_600\\" size={80} />
      <h3 className=\\"title\\">
        Mock sub category
      </h3>
    </div>
    <div className=\\"cardRow\\">
      <div className=\\"cardWrapper\\">
        <IndicatorCard className=\\"card\\" indicatorId=\\"population\\" color=\\"JOBS_600\\" colorName=\\"primary\\" cities={{...}} city={[undefined]} />
        <Pill className=\\"linkWrapper\\" height={32}>
          <a href=\\"#sc-mock-sub-category\\">
            <span className=\\"linkText\\">
              View all 3 charts
            </span>
            <Icon className=\\"linkIcon\\" icon=\\"rightArrowInCircle\\" size={20} color=\\"PRIMARY_900\\" />
          </a>
        </Pill>
      </div>
    </div>
  </div>
</div>"
`;
