// Jest Snapshot v1, https://goo.gl/fbAQLP

exports[`should match Snapshot 1`] = `
"<footer className=\\"wrapper\\">
  <div className=\\"container\\">
    <div className=\\"wordsWrapper\\">
      <div className=\\"footerLinks\\">
        <div className=\\"footerLinksRow\\">
          <a href=\\"https://infrastructure.gov.au/utilities/feedback.aspx\\">
            Give feedback
          </a>
             
          <NavLink to=\\"/additional-information#privacy\\" className=\\"staticLink\\" activeClassName=\\"active\\" ariaCurrent=\\"true\\">
            Privacy policy
          </NavLink>
          <NavLink to=\\"/additional-information#accessibility\\" className=\\"staticLink\\" activeClassName=\\"active\\" ariaCurrent=\\"true\\">
            Accessibility
          </NavLink>
          <NavLink to=\\"/additional-information#security\\" className=\\"staticLink\\" activeClassName=\\"active\\" ariaCurrent=\\"true\\">
            Security
          </NavLink>
          <NavLink to=\\"/additional-information#content-credit\\" className=\\"staticLink\\" activeClassName=\\"active\\" ariaCurrent=\\"true\\">
            Content credit
          </NavLink>
        </div>
        <div className=\\"footerLinksRow\\">
          Got a question on the Performance Framework? Contact the department
          : 
          <a href=\\"mailto:cities@infrastructure.gov.au?subject=Performance Framework\\">
            cities@infrastructure.gov.au
          </a>
        </div>
        <div className=\\"footerLinksRow\\">
          <Link href=\\"https://data.gov.au/dataset/national-cities-performance-framework\\" unstyled={true}>
            View all raw data at data.gov.au
          </Link>
        </div>
      </div>
      <div className=\\"copyright\\">
        © Commonwealth of Australia. With the exception of the Commonwealth Coat of Arms and where otherwise noted, this work is licensed under the CC BY 4.0 license.
      </div>
    </div>
  </div>
</footer>"
`;
