// Jest Snapshot v1, https://goo.gl/fbAQLP

exports[`should match Snapshot 1`] = `
"<Tooltip borderColor={[undefined]} text=\\"Contextual indicators highlight the characteristics of a city that are not amenable to or potentially appropriate for local policy intervention but they can help to explain why a city performs the way it does.\\" className={[undefined]} style={{...}}>
  <Icon color={[undefined]} icon=\\"contextualIndicator\\" size={14} title=\\"\\" />
</Tooltip>"
`;
