// Jest Snapshot v1, https://goo.gl/fbAQLP

exports[`should match Snapshot 1`] = `
"<div className={[undefined]}>
  <div className=\\"iconAndCard\\">
    <Icon className=\\"categoryIcon\\" color=\\"JOBS_500\\" icon=\\"infrastructureGettingToWork\\" size={70} />
    <div className=\\"categoryName\\">
      Jobs and Skills
    </div>
    <IndicatorCard className=\\"card\\" indicator=\\"population\\" color=\\"JOBS_500\\" colorName=\\"jobs\\" value={100} size=\\"small\\" />
  </div>
  <NavLink to=\\"/all-cities/jobs\\" className=\\"viewLink\\" activeClassName=\\"active\\" ariaCurrent=\\"true\\">
    View 
    Jobs and Skills
  </NavLink>
</div>"
`;
