// Jest Snapshot v1, https://goo.gl/fbAQLP

exports[`should match Snapshot 1`] = `
"<div className=\\"wrapper\\" style={{...}}>
  <div className=\\"photoWrapper\\">
    <img className=\\"photo\\" src=\\"/images/greater-perth.jpg\\" alt=\\"\\" />
  </div>
  <div className=\\"container\\">
    <h1 className=\\"title\\">
      Greater perth
    </h1>
  </div>
</div>"
`;
