// Jest Snapshot v1, https://goo.gl/fbAQLP

exports[`should match Snapshot 1`] = `
"<label className=\\"jobs toggle\\" htmlFor=\\"the-id-toggle\\">
  <span className=\\"labelText\\">
    The toggle label
  </span>
  <span className=\\"ui\\">
    <input type=\\"checkbox\\" className=\\"input\\" id=\\"the-id-toggle\\" checked={false} onChange={[Function]} />
    <span className=\\"onOff\\" />
    <span className=\\"handle\\" />
  </span>
</label>"
`;
