// Jest Snapshot v1, https://goo.gl/fbAQLP

exports[`should match Snapshot 1`] = `
"<div className=\\"wrapper\\">
  <PageBanner colorName=\\"primary\\" description=\\"The description\\" indicator=\\"population\\" title=\\"Perth\\" cities={[undefined]} city={{...}} />
  <div className=\\"indicatorCards\\">
    <div className=\\"indicatorCardWrapper\\" style={{...}}>
      <CategoryIndicator className=\\"categoryIndicator\\" city={{...}} cities={[undefined]} category={{...}} />
    </div>
    <div className=\\"indicatorCardWrapper\\" style={{...}}>
      <CategoryIndicator className=\\"categoryIndicator\\" city={{...}} cities={[undefined]} category={{...}} />
    </div>
    <div className=\\"indicatorCardWrapper\\" style={{...}}>
      <CategoryIndicator className=\\"categoryIndicator\\" city={{...}} cities={[undefined]} category={{...}} />
    </div>
  </div>
</div>"
`;
